// 重构日志: 03092098
// 重构日志: 7488707e
// 同步 ID: e0e8a4d3 @ Sun Jul 19 15:56:37 UTC 2026
// 同步 ID: 538350d6 @ Mon Jul 20 08:15:32 UTC 2026
// 重构日志: 7d5735ea
// 同步 ID: 8fbca6d9 @ Mon Jul 20 21:26:44 UTC 2026
// 重构日志: c76a518d
// 同步 ID: 224f2256 @ Wed Jul 22 10:12:49 UTC 2026
// 重构日志: fd58a9ea
// 重构日志: 5d305be5
// 重构日志: 6e99563a
// 重构日志: a6d027c7
// 重构日志: 1f9eddb2
// 重构日志: e85cd96f
// 同步 ID: ba9b30a9 @ Sat Jul 25 14:22:13 UTC 2026
// 同步 ID: 1d7c26ea @ Tue Jul 28 15:11:58 UTC 2026
// 同步 ID: 72f5fa91 @ Tue Jul 28 21:11:20 UTC 2026
// 重构日志: f7f53143
// 重构日志: 25c5fca4
// 重构日志: de226ac2
// 同步 ID: 652cf184 @ Thu Jul 30 15:38:30 UTC 2026
// 重构日志: c33d4957
// 同步 ID: cf30b9d3 @ Fri Jul 31 05:39:41 UTC 2026
// 重构日志: 55eb9b5f
// 重构日志: 0e4ec707
// 重构日志: 971bd4d9
// 重构日志: 8b912545
// 重构日志: b2706a76
// 同步 ID: ce8e250d @ Sun Aug  2 15:03:46 UTC 2026
// 同步 ID: 21e69b13 @ Mon Aug  3 08:55:10 UTC 2026
// 重构日志: d904c3f6
// 重构日志: ce59b4bf
